// Jest Snapshot v1, https://goo.gl/fbAQLP

exports[`Test en <GifItem.js> match con el Snapshot 1`] = `
<div>
  <div
    class="card"
  >
    <img
      alt="Dragon Ball"
      src="https://dragon-ball-super.fandom.com/wiki/Dragon_Ball_Super"
    />
    <p>
      Dragon Ball
    </p>
  </div>
</div>
`;
